 INFO  Accepting connections at http://localhost:43007 HTTP  9/18/2026 5:31:54 PM ::1 GET /
 HTTP  9/18/2026 5:31:54 PM ::1 Returned 200 in 51 ms
 HTTP  9/18/2026 5:31:54 PM ::1 GET /styles.css
 HTTP  9/18/2026 5:31:54 PM ::1 GET /Assets/Extra/IconMap.png
 HTTP  9/18/2026 5:31:54 PM ::1 GET /Assets/Extra/ExclamationMark.png
 HTTP  9/18/2026 5:31:54 PM ::1 GET /src/ui.js
 HTTP  9/18/2026 5:31:54 PM ::1 Returned 200 in 19 ms
 HTTP  9/18/2026 5:31:54 PM ::1 GET /Assets/Extra/IconBackpack.png
 HTTP  9/18/2026 5:31:54 PM ::1 GET /Assets/Extra/IconPokedex.png
 HTTP  9/18/2026 5:31:54 PM ::1 Returned 200 in 26 ms
 HTTP  9/18/2026 5:31:54 PM ::1 Returned 200 in 32 ms
 HTTP  9/18/2026 5:31:54 PM ::1 Returned 200 in 28 ms
 HTTP  9/18/2026 5:31:54 PM ::1 GET /src/ui/market.js
 HTTP  9/18/2026 5:31:54 PM ::1 GET /src/state.js
 HTTP  9/18/2026 5:31:54 PM ::1 Returned 200 in 30 ms
 HTTP  9/18/2026 5:31:54 PM ::1 Returned 200 in 28 ms
 HTTP  9/18/2026 5:31:54 PM ::1 Returned 200 in 14 ms
 HTTP  9/18/2026 5:31:54 PM ::1 Returned 200 in 11 ms
 HTTP  9/18/2026 5:31:54 PM ::1 GET /src/ui/map.js
 HTTP  9/18/2026 5:31:54 PM ::1 GET /Assets/Extra/IconTrainer.png
 HTTP  9/18/2026 5:31:54 PM ::1 GET /Assets/Extra/IconTeam.png
 HTTP  9/18/2026 5:31:54 PM ::1 Returned 200 in 15 ms
 HTTP  9/18/2026 5:31:54 PM ::1 GET /Assets/Extra/IconMainView.png
 HTTP  9/18/2026 5:31:54 PM ::1 Returned 200 in 14 ms
 HTTP  9/18/2026 5:31:55 PM ::1 GET /src/mathEngine.js
 HTTP  9/18/2026 5:31:55 PM ::1 GET /Assets/Extra/BonusCandy.png
 HTTP  9/18/2026 5:31:55 PM ::1 GET /Assets/Extra/IconGift.png
 HTTP  9/18/2026 5:31:55 PM ::1 GET /Assets/Extra/IconCalendar.png
 HTTP  9/18/2026 5:31:55 PM ::1 Returned 200 in 9 ms
 HTTP  9/18/2026 5:31:54 PM ::1 Returned 200 in 42 ms
 HTTP  9/18/2026 5:31:55 PM ::1 Returned 200 in 8 ms
 HTTP  9/18/2026 5:31:54 PM ::1 Returned 200 in 43 ms
 HTTP  9/18/2026 5:31:55 PM ::1 Returned 200 in 20 ms
 HTTP  9/18/2026 5:31:55 PM ::1 GET /src/windowManager.js
 HTTP  9/18/2026 5:31:55 PM ::1 Returned 200 in 4 ms
 HTTP  9/18/2026 5:31:55 PM ::1 GET /src/clickThrough.js
 HTTP  9/18/2026 5:31:55 PM ::1 Returned 200 in 3 ms
 HTTP  9/18/2026 5:31:55 PM ::1 GET /src/ui/topbar.js
 HTTP  9/18/2026 5:31:55 PM ::1 Returned 200 in 6 ms
 HTTP  9/18/2026 5:31:55 PM ::1 GET /src/battleSystem.js
 HTTP  9/18/2026 5:31:55 PM ::1 GET /src/dayCare.js
 HTTP  9/18/2026 5:31:55 PM ::1 GET /src/storage.js
 HTTP  9/18/2026 5:31:55 PM ::1 GET /src/ui/sidebar.js
 HTTP  9/18/2026 5:31:55 PM ::1 GET /src/ui/battle.js
 HTTP  9/18/2026 5:31:55 PM ::1 Returned 200 in 8 ms
 HTTP  9/18/2026 5:31:55 PM ::1 Returned 200 in 8 ms
 HTTP  9/18/2026 5:31:55 PM ::1 Returned 200 in 8 ms
 HTTP  9/18/2026 5:31:55 PM ::1 Returned 200 in 10 ms
 HTTP  9/18/2026 5:31:55 PM ::1 Returned 200 in 6 ms
 HTTP  9/18/2026 5:31:55 PM ::1 Returned 200 in 95 ms
 HTTP  9/18/2026 5:31:55 PM ::1 GET /src/ui/calendar.js
 HTTP  9/18/2026 5:31:55 PM ::1 GET /src/ui/gift.js
 HTTP  9/18/2026 5:31:55 PM ::1 GET /src/ui/pokedex.js
 HTTP  9/18/2026 5:31:55 PM ::1 GET /src/ui/pokemonStats.js
 HTTP  9/18/2026 5:31:55 PM ::1 GET /src/ui/bonusCandy.js
 HTTP  9/18/2026 5:31:55 PM ::1 Returned 200 in 7 ms
 HTTP  9/18/2026 5:31:55 PM ::1 Returned 200 in 7 ms
 HTTP  9/18/2026 5:31:55 PM ::1 Returned 200 in 6 ms
 HTTP  9/18/2026 5:31:55 PM ::1 Returned 200 in 6 ms
 HTTP  9/18/2026 5:31:55 PM ::1 Returned 200 in 6 ms
 HTTP  9/18/2026 5:31:55 PM ::1 GET /src/ui/settings.js
 HTTP  9/18/2026 5:31:55 PM ::1 Returned 200 in 4 ms
 HTTP  9/18/2026 5:31:55 PM ::1 GET /src/ui/backpack/index.js
 HTTP  9/18/2026 5:31:55 PM ::1 GET /src/ui/backpack/pokemon.js
 HTTP  9/18/2026 5:31:55 PM ::1 GET /Assets/Extra/ProgressChallange.png
 HTTP  9/18/2026 5:31:55 PM ::1 GET /Assets/Extra/IconSleep.png
 HTTP  9/18/2026 5:31:55 PM ::1 GET /Assets/Extra/IconHelp.png
 HTTP  9/18/2026 5:31:55 PM ::1 Returned 200 in 5 ms
 HTTP  9/18/2026 5:31:55 PM ::1 Returned 200 in 5 ms
 HTTP  9/18/2026 5:31:55 PM ::1 Returned 200 in 7 ms
 HTTP  9/18/2026 5:31:55 PM ::1 Returned 200 in 9 ms
 HTTP  9/18/2026 5:31:55 PM ::1 Returned 200 in 8 ms
 HTTP  9/18/2026 5:31:55 PM ::1 GET /Assets/Extra/IconSettings.png
 HTTP  9/18/2026 5:31:55 PM ::1 Returned 200 in 2 ms
 HTTP  9/18/2026 5:31:55 PM ::1 GET /src/ui/backpack/pokeballs.js
 HTTP  9/18/2026 5:31:55 PM ::1 Returned 200 in 1 ms
 HTTP  9/18/2026 5:31:55 PM ::1 GET /src/ui/backpack/potions.js
 HTTP  9/18/2026 5:31:55 PM ::1 GET /src/ui/backpack/stones.js
 HTTP  9/18/2026 5:31:55 PM ::1 Returned 200 in 2 ms
 HTTP  9/18/2026 5:31:55 PM ::1 GET /Assets/Extra/IconExit.png
 HTTP  9/18/2026 5:31:55 PM ::1 Returned 200 in 4 ms
 HTTP  9/18/2026 5:31:55 PM ::1 Returned 200 in 2 ms
 HTTP  9/18/2026 5:31:55 PM ::1 GET /Assets/Pokemon%20Sprites/1.png
 HTTP  9/18/2026 5:31:55 PM ::1 Returned 200 in 1 ms
 HTTP  9/18/2026 5:31:55 PM ::1 GET /src/ui/backpack/utils.js
 HTTP  9/18/2026 5:31:55 PM ::1 Returned 200 in 1 ms
 HTTP  9/18/2026 5:31:55 PM ::1 GET /Assets/Pokemon%20Sprites/4.png
 HTTP  9/18/2026 5:31:55 PM ::1 GET /Assets/Pokemon%20Sprites/7.png
 HTTP  9/18/2026 5:31:55 PM ::1 Returned 200 in 2 ms
 HTTP  9/18/2026 5:31:55 PM ::1 Returned 200 in 1 ms
 HTTP  9/18/2026 5:31:55 PM ::1 GET /config/pokemonData.js
 HTTP  9/18/2026 5:31:55 PM ::1 GET /config/routes.js
 HTTP  9/18/2026 5:31:55 PM ::1 GET /config/gyms.js
 HTTP  9/18/2026 5:31:55 PM ::1 GET /config/balance.js
 HTTP  9/18/2026 5:31:55 PM ::1 GET /config/moves.js
 HTTP  9/18/2026 5:31:55 PM ::1 Returned 200 in 6 ms
 HTTP  9/18/2026 5:31:55 PM ::1 Returned 200 in 5 ms
 HTTP  9/18/2026 5:31:55 PM ::1 Returned 200 in 6 ms
 HTTP  9/18/2026 5:31:55 PM ::1 Returned 200 in 6 ms
 HTTP  9/18/2026 5:31:55 PM ::1 Returned 200 in 7 ms
 HTTP  9/18/2026 5:31:55 PM ::1 GET /config/types.js
 HTTP  9/18/2026 5:31:55 PM ::1 GET /config/mapCoordinates.js
 HTTP  9/18/2026 5:31:55 PM ::1 Returned 200 in 5 ms
 HTTP  9/18/2026 5:31:55 PM ::1 Returned 200 in 3 ms
 HTTP  9/18/2026 5:31:56 PM ::1 GET /Assets/BG/BG-Professor-Oak-Lab.png
 HTTP  9/18/2026 5:31:56 PM ::1 Returned 200 in 10 ms
